Linux bandit.otw.local 5.4.8 x86_64 GNU/Linux

      ,----..            ,----,          .---.
     /   /   \         ,/   .`|         /. ./|
    /   .     :      ,`   .'  :     .--'.  ' ;
   .   /   ;.  \   ;    ;     /    /__./ \ : |
  .   ;   /  ` ; .'___,/    ,' .--'.  '   \' .
  ;   |  ; \ ; | |    :     | /___/ \ |    ' '
  |   :  | ; | ' ;    |.';  ; ;   \  \;      :
  .   |  ' ' ' : `----'  |  |  \   ;  `      |
  '   ;  \; /  |     '   :  ;   .   \    .\  ;
   \   \  ',  /      |   |  '    \   \   ' \ |
    ;   :    /       '   :  |     :   '  |--"
     \   \ .'        ;   |.'       \   \ ;
  www. `---` ver     '---' he       '---" ire.org


Welcome to OverTheWire!

If you find any problems, please report them to Steven or morla on
irc.overthewire.org.

--[ Playing the games ]--

  This machine might hold several wargames.
  If you are playing "somegame", then:

    * USERNAMES are somegame0, somegame1, ...
    * Most LEVELS are stored in /somegame/.
    * PASSWORDS for each level are stored in /etc/somegame_pass/.

  Write-access to homedirectories is disabled. It is advised to create a
  working directory with a hard-to-guess name in /tmp/.  You can use the
  command "mktemp -d" in order to generate a random and hard to guess
  directory in /tmp/.  Read-access to both /tmp/ and /proc/ is disabled
  so that users can not snoop on eachother. Files and directories with
  easily guessable or short names will be periodically deleted!

  Please play nice:

    * don't leave orphan processes running
    * don't leave exploit-files laying around
    * don't annoy other players
    * don't post passwords or spoilers
    * again, DONT POST SPOILERS!
      This includes writeups of your solution on your blog or website!

--[ Tips ]--

  This machine has a 64bit processor and many security-features enabled
  by default, although ASLR has been switched off.  The following
  compiler flags might be interesting:

    -m32                    compile for 32bit
    -fno-stack-protector    disable ProPolice
    -Wl,-z,norelro          disable relro

  In addition, the execstack tool can be used to flag the stack as
  executable on ELF binaries.

  Finally, network-access is limited for most levels by a local
  firewall.

--[ Tools ]--

 For your convenience we have installed a few usefull tools which you can find
 in the following locations:

    * gef (https://github.com/hugsy/gef) in /usr/local/gef/
    * pwndbg (https://github.com/pwndbg/pwndbg) in /usr/local/pwndbg/
    * peda (https://github.com/longld/peda.git) in /usr/local/peda/
    * gdbinit (https://github.com/gdbinit/Gdbinit) in /usr/local/gdbinit/
    * pwntools (https://github.com/Gallopsled/pwntools)
    * radare2 (http://www.radare.org/)
    * checksec.sh (http://www.trapkit.de/tools/checksec.html) in /usr/local/bin/checksec.sh

--[ More information ]--

  For more information regarding individual wargames, visit
  http://www.overthewire.org/wargames/

  For support, questions or comments, contact us through IRC on
  irc.overthewire.org #wargames.

  Enjoy your stay!

[01;32mbandit29@bandit[00m:[01;34m~[00m$ mkdir /tmp//[K
mkdir: cannot create directory ‘/tmp/’: File exists
[01;32mbandit29@bandit[00m:[01;34m~[00m$ cd /tmp/
[01;32mbandit29@bandit[00m:[01;34m/tmp[00m$ git clone bbc96594b4e001778eee9975372716b2[K[K[K[K[K[K[K[K[K[K[K[K[K[K[K[K[K[K[K[K[K[K[K[K[K[K[K[K[K[K[K[Kssh://bandit29-git@localhost/home/bandit29-git/repo.[K
fatal: destination path 'repo' already exists and is not an empty directory.
[01;32mbandit29@bandit[00m:[01;34m/tmp[00m$ mkdir repo2
[01;32mbandit29@bandit[00m:[01;34m/tmp[00m$ cd rep2[Ko2
[01;32mbandit29@bandit[00m:[01;34m/tmp/repo2[00m$ cd repo2[3@mkdir[C[C[C[C[C[Cgit clone ssh://bandit29-git@localhost/home/bandit29-git/repo
Cloning into 'repo'...
Could not create directory '/home/bandit29/.ssh'.
The authenticity of host 'localhost (127.0.0.1)' can't be established.
ECDSA key fingerprint is SHA256:98UL0ZWr85496EtCRkKlo20X3OPnyPSB5tB5RPbhczc.
Are you sure you want to continue connecting (yes/no)? yes
Failed to add the host to the list of known hosts (/home/bandit29/.ssh/known_hosts).
This is a OverTheWire game server. More information on http://www.overthewire.org/wargames

bandit29-git@localhost's password: 
remote: Counting objects: 16, done.[K
remote: Compressing objects:   9% (1/11)   [Kremote: Compressing objects:  18% (2/11)   [Kremote: Compressing objects:  27% (3/11)   [Kremote: Compressing objects:  36% (4/11)   [Kremote: Compressing objects:  45% (5/11)   [Kremote: Compressing objects:  54% (6/11)   [Kremote: Compressing objects:  63% (7/11)   [Kremote: Compressing objects:  72% (8/11)   [Kremote: Compressing objects:  81% (9/11)   [Kremote: Compressing objects:  90% (10/11)   [Kremote: Compressing objects: 100% (11/11)   [Kremote: Compressing objects: 100% (11/11), done.[K
remote: Total 16 (delta 2), reused 0 (delta 0)[K
Receiving objects:   6% (1/16)   Receiving objects:  12% (2/16)   Receiving objects:  18% (3/16)   Receiving objects:  25% (4/16)   Receiving objects:  31% (5/16)   Receiving objects:  37% (6/16)   Receiving objects:  43% (7/16)   Receiving objects:  50% (8/16)   Receiving objects:  56% (9/16)   Receiving objects:  62% (10/16)   Receiving objects:  68% (11/16)   Receiving objects:  75% (12/16)   Receiving objects:  81% (13/16)   Receiving objects:  87% (14/16)   Receiving objects:  93% (15/16)   Receiving objects: 100% (16/16)   Receiving objects: 100% (16/16), done.
Resolving deltas:   0% (0/2)   Resolving deltas:  50% (1/2)   Resolving deltas: 100% (2/2)   Resolving deltas: 100% (2/2), done.
[01;32mbandit29@bandit[00m:[01;34m/tmp/repo2[00m$ ls
[0m[01;34mrepo[0m
[01;32mbandit29@bandit[00m:[01;34m/tmp/repo2[00m$ cd repo/
[01;32mbandit29@bandit[00m:[01;34m/tmp/repo2/repo[00m$ ls
README.md
[01;32mbandit29@bandit[00m:[01;34m/tmp/repo2/repo[00m$ cat re[K[KREADME.md 
# Bandit Notes
Some notes for bandit30 of bandit.

## credentials

- username: bandit30
- password: <no passwords in production!>

[01;32mbandit29@bandit[00m:[01;34m/tmp/repo2/repo[00m$ git log 
[?1h=[33mcommit 208f463b5b3992906eabf23c562eda3277fea912[m[m
Author: Ben Dover <noone@overthewire.org>[m
Date:   Thu May 7 20:14:51 2020 +0200[m
[m
    fix username[m
[m
[33mcommit 18a6fd6d5ef7f0874bbdda2fa0d77b3b81fd63f7[m[m
Author: Ben Dover <noone@overthewire.org>[m
Date:   Thu May 7 20:14:51 2020 +0200[m
[m
    initial commit of README.md[m
[K[?1l>[01;32mbandit29@bandit[00m:[01;34m/tmp/repo2/repo[00m$ git status
On branch master
Your branch is up-to-date with 'origin/master'.
nothing to commit, working tree clean
[01;32mbandit29@bandit[00m:[01;34m/tmp/repo2/repo[00m$ gir [K[Kt .[Krev-parse
[01;32mbandit29@bandit[00m:[01;34m/tmp/repo2/repo[00m$ git rev-parse hea[K[K[KHEAR[KD
208f463b5b3992906eabf23c562eda3277fea912
[01;32mbandit29@bandit[00m:[01;34m/tmp/repo2/repo[00m$ git checkout 18a6fd6d5ef7f0874bbdda2fa0d77b3b81fd63f7
Note: checking out '18a6fd6d5ef7f0874bbdda2fa0d77b3b81fd63f7'.

You are in 'detached HEAD' state. You can look around, make experimental
changes and commit them, and you can discard any commits you make in this
state without impacting any branches by performing another checkout.

If you want to create a new branch to retain commits you create, you may
do so (now or later) by using -b with the checkout command again. Example:

  git checkout -b <new-branch-name>

HEAD is now at 18a6fd6... initial commit of README.md
[01;32mbandit29@bandit[00m:[01;34m/tmp/repo2/repo[00m$ cat README.md 
# Bandit Notes
Some notes for bandit30 of bandit.

## credentials

- username: bandit29
- password: <no passwords in production!>

[01;32mbandit29@bandit[00m:[01;34m/tmp/repo2/repo[00m$ cat README.md git checkout 18a6fd6d5ef7f0874bbdda2fa0d77b3b81fd63f7[C[C[C[C[C[C[C[C[C[C[C[C[C[C[C[C[C[C[C[C[C[C[C[C[C[C[C[C[C[C[C[C[C[C[C[C[Crev-parse HEAD[K
18a6fd6d5ef7f0874bbdda2fa0d77b3b81fd63f7
[01;32mbandit29@bandit[00m:[01;34m/tmp/repo2/repo[00m$ git rev-parse HEAD[4Pcat README.md git checkout 18a6fd6d5ef7f0874bbdda2fa0d77b3b81fd63f7[K[K[K[K[K[K[K[K[K[K[K[K[K[K[K[K[K[K[K[K[K[K[K[K[K[K[K[K[K[K[K[K[K[K[K[K[K[K[K[KHEAD
[01;32mbandit29@bandit[00m:[01;34m/tmp/repo2/repo[00m$ git stat[K[K[K[Kcheckout HEAD[1@rev-parse[C[C[C[C[C
18a6fd6d5ef7f0874bbdda2fa0d77b3b81fd63f7
[01;32mbandit29@bandit[00m:[01;34m/tmp/repo2/repo[00m$ git rev-parse HEAD[K[K[K[K[K[K[K[K[K[K[K[K[K[Kcheckout 208f463b5b3992906eabf23c562eda3277fea912
Previous HEAD position was 18a6fd6... initial commit of README.md
HEAD is now at 208f463... fix username
[01;32mbandit29@bandit[00m:[01;34m/tmp/repo2/repo[00m$ git branch
* [32m(HEAD detached at 208f463)[m
  master[m
[01;32mbandit29@bandit[00m:[01;34m/tmp/repo2/repo[00m$ ls
README.md
[01;32mbandit29@bandit[00m:[01;34m/tmp/repo2/repo[00m$ git brac[Knch -a
* [32m(HEAD detached at 208f463)[m
  master[m
  [31mremotes/origin/HEAD[m -> origin/master
  [31mremotes/origin/dev[m
  [31mremotes/origin/master[m
  [31mremotes/origin/sploits-dev[m
[01;32mbandit29@bandit[00m:[01;34m/tmp/repo2/repo[00m$ git checkout dev
Previous HEAD position was 208f463... fix username
Branch dev set up to track remote branch dev from origin.
Switched to a new branch 'dev'
[01;32mbandit29@bandit[00m:[01;34m/tmp/repo2/repo[00m$ ls
[0m[01;34mcode[0m  README.md
[01;32mbandit29@bandit[00m:[01;34m/tmp/repo2/repo[00m$ cd co[K[K[K[K[Kcat r[KRe[KAE[K[KEADME.md 
# Bandit Notes
Some notes for bandit30 of bandit.

## credentials

- username: bandit30
- password: 5b90576bedb2cc04c86a9e924ce42faf

[01;32mbandit29@bandit[00m:[01;34m/tmp/repo2/repo[00m$ cd code/
[01;32mbandit29@bandit[00m:[01;34m/tmp/repo2/repo/code[00m$ ls
gif2ascii.py
[01;32mbandit29@bandit[00m:[01;34m/tmp/repo2/repo/code[00m$ cd ..
[01;32mbandit29@bandit[00m:[01;34m/tmp/repo2/repo[00m$ eco[Kho 5b90576bedb2cc04c86a9e924ce42faf
5b90576bedb2cc04c86a9e924ce42faf
[01;32mbandit29@bandit[00m:[01;34m/tmp/repo2/repo[00m$ is pw
-bash: is: command not found
[01;32mbandit29@bandit[00m:[01;34m/tmp/repo2/repo[00m$ exit
logout
